<div class="x-content" style="width:100%">
<h4>多人协作</h4>
<div class="x-wiki-info"><span>Reads: 499212</span></div>
<hr/>
<div class="x-wiki-content x-main-content"><p>当你从远程仓库克隆时，实际上Git自动把本地的<code>master</code>分支和远程的<code>master</code>分支对应起来了，并且，远程仓库的默认名称是<code>origin</code>。</p>
<p>要查看远程库的信息，用<code>git remote</code>：</p>
<pre><code>$ git remote
origin
</code></pre><p>或者，用<code>git remote -v</code>显示更详细的信息：</p>
<pre><code>$ git remote -v
origin  git@github.com:michaelliao/learngit.git (fetch)
origin  git@github.com:michaelliao/learngit.git (push)
</code></pre><p>上面显示了可以抓取和推送的<code>origin</code>的地址。如果没有推送权限，就看不到push的地址。</p>
<h3><a name="#-E6-8E-A8-E9-80-81-E5-88-86-E6-94-AF"></a>推送分支</h3>
<p>推送分支，就是把该分支上的所有本地提交推送到远程库。推送时，要指定本地分支，这样，Git就会把该分支推送到远程库对应的远程分支上：</p>
<pre><code>$ git push origin master
</code></pre><p>如果要推送其他分支，比如<code>dev</code>，就改成：</p>
<pre><code>$ git push origin dev
</code></pre><p>但是，并不是一定要把本地分支往远程推送，那么，哪些分支需要推送，哪些不需要呢？</p>
<ul>
<li><p><code>master</code>分支是主分支，因此要时刻与远程同步；</p>
</li>
<li><p><code>dev</code>分支是开发分支，团队所有成员都需要在上面工作，所以也需要与远程同步；</p>
</li>
<li><p>bug分支只用于在本地修复bug，就没必要推到远程了，除非老板要看看你每周到底修复了几个bug；</p>
</li>
<li><p>feature分支是否推到远程，取决于你是否和你的小伙伴合作在上面开发。</p>
</li>
</ul>
<p>总之，就是在Git中，分支完全可以在本地自己藏着玩，是否推送，视你的心情而定！</p>
<video controls="" height="434" width="648">
<source src="http://michaelliao.gitcafe.io/video/git-push-origin.mp4"/>
<source src="http://github.liaoxuefeng.com/sinaweibopy/video/git-push-origin.mp4"/>
</video>
<h3><a name="#-E6-8A-93-E5-8F-96-E5-88-86-E6-94-AF"></a>抓取分支</h3>
<p>多人协作时，大家都会往<code>master</code>和<code>dev</code>分支上推送各自的修改。</p>
<p>现在，模拟一个你的小伙伴，可以在另一台电脑（注意要把SSH Key添加到GitHub）或者同一台电脑的另一个目录下克隆：</p>
<pre><code>$ git clone git@github.com:michaelliao/learngit.git
Cloning into 'learngit'...
remote: Counting objects: 46, done.
remote: Compressing objects: 100% (26/26), done.
remote: Total 46 (delta 16), reused 45 (delta 15)
Receiving objects: 100% (46/46), 15.69 KiB | 6 KiB/s, done.
Resolving deltas: 100% (16/16), done.
</code></pre><p>当你的小伙伴从远程库clone时，默认情况下，你的小伙伴只能看到本地的<code>master</code>分支。不信可以用<code>git branch</code>命令看看：</p>
<pre><code>$ git branch
* master
</code></pre><p>现在，你的小伙伴要在<code>dev</code>分支上开发，就必须创建远程<code>origin</code>的<code>dev</code>分支到本地，于是他用这个命令创建本地<code>dev</code>分支：</p>
<pre><code>$ git checkout -b dev origin/dev
</code></pre><p>现在，他就可以在<code>dev</code>上继续修改，然后，时不时地把<code>dev</code>分支<code>push</code>到远程：</p>
<pre><code>$ git commit -m "add /usr/bin/env"
[dev 291bea8] add /usr/bin/env
 1 file changed, 1 insertion(+)
$ git push origin dev
Counting objects: 5, done.
Delta compression using up to 4 threads.
Compressing objects: 100% (2/2), done.
Writing objects: 100% (3/3), 349 bytes, done.
Total 3 (delta 0), reused 0 (delta 0)
To git@github.com:michaelliao/learngit.git
   fc38031..291bea8  dev -&gt; dev
</code></pre><video controls="" height="434" width="648">
<source src="http://michaelliao.gitcafe.io/video/git-push-by-xiaohuoban.mp4"/>
<source src="http://github.liaoxuefeng.com/sinaweibopy/video/git-push-by-xiaohuoban.mp4"/>
</video>
<p>你的小伙伴已经向<code>origin/dev</code>分支推送了他的提交，而碰巧你也对同样的文件作了修改，并试图推送：</p>
<pre><code>$ git add hello.py 
$ git commit -m "add coding: utf-8"
[dev bd6ae48] add coding: utf-8
 1 file changed, 1 insertion(+)
$ git push origin dev
To git@github.com:michaelliao/learngit.git
 ! [rejected]        dev -&gt; dev (non-fast-forward)
error: failed to push some refs to 'git@github.com:michaelliao/learngit.git'
hint: Updates were rejected because the tip of your current branch is behind
hint: its remote counterpart. Merge the remote changes (e.g. 'git pull')
hint: before pushing again.
hint: See the 'Note about fast-forwards' in 'git push --help' for details.
</code></pre><p>推送失败，因为你的小伙伴的最新提交和你试图推送的提交有冲突，解决办法也很简单，Git已经提示我们，先用<code>git pull</code>把最新的提交从<code>origin/dev</code>抓下来，然后，在本地合并，解决冲突，再推送：</p>
<pre><code>$ git pull
remote: Counting objects: 5, done.
remote: Compressing objects: 100% (2/2), done.
remote: Total 3 (delta 0), reused 3 (delta 0)
Unpacking objects: 100% (3/3), done.
From github.com:michaelliao/learngit
   fc38031..291bea8  dev        -&gt; origin/dev
There is no tracking information for the current branch.
Please specify which branch you want to merge with.
See git-pull(1) for details

    git pull &lt;remote&gt; &lt;branch&gt;

If you wish to set tracking information for this branch you can do so with:

    git branch --set-upstream dev origin/&lt;branch&gt;
</code></pre><p><code>git pull</code>也失败了，原因是没有指定本地<code>dev</code>分支与远程<code>origin/dev</code>分支的链接，根据提示，设置<code>dev</code>和<code>origin/dev</code>的链接：</p>
<pre><code>$ git branch --set-upstream dev origin/dev
Branch dev set up to track remote branch dev from origin.
</code></pre><p>再pull：</p>
<pre><code>$ git pull
Auto-merging hello.py
CONFLICT (content): Merge conflict in hello.py
Automatic merge failed; fix conflicts and then commit the result.
</code></pre><p>这回<code>git pull</code>成功，但是合并有冲突，需要手动解决，解决的方法和分支管理中的<a href="http://www.liaoxuefeng.com/wiki/0013739516305929606dd18361248578c67b8067c8c017b000/001375840202368c74be33fbd884e71b570f2cc3c0d1dcf000" target="_blank">解决冲突</a>完全一样。解决后，提交，再push：</p>
<pre><code>$ git commit -m "merge &amp; fix hello.py"
[dev adca45d] merge &amp; fix hello.py
$ git push origin dev
Counting objects: 10, done.
Delta compression using up to 4 threads.
Compressing objects: 100% (5/5), done.
Writing objects: 100% (6/6), 747 bytes, done.
Total 6 (delta 0), reused 0 (delta 0)
To git@github.com:michaelliao/learngit.git
   291bea8..adca45d  dev -&gt; dev
</code></pre><video controls="" height="434" width="648">
<source src="http://michaelliao.gitcafe.io/video/git-pull-push-fix.mp4"/>
<source src="http://github.liaoxuefeng.com/sinaweibopy/video/git-pull-push-fix.mp4"/>
</video>
<p>因此，多人协作的工作模式通常是这样：</p>
<ol>
<li><p>首先，可以试图用<code>git push origin branch-name</code>推送自己的修改；</p>
</li>
<li><p>如果推送失败，则因为远程分支比你的本地更新，需要先用<code>git pull</code>试图合并；</p>
</li>
<li><p>如果合并有冲突，则解决冲突，并在本地提交；</p>
</li>
<li><p>没有冲突或者解决掉冲突后，再用<code>git push origin branch-name</code>推送就能成功！</p>
</li>
</ol>
<p>如果<code>git pull</code>提示“no tracking information”，则说明本地分支和远程分支的链接关系没有创建，用命令<code>git branch --set-upstream branch-name origin/branch-name</code>。</p>
<p>这就是多人协作的工作模式，一旦熟悉了，就非常简单。</p>
<h3><a name="#-E5-B0-8F-E7-BB-93"></a>小结</h3>
<ul>
<li><p>查看远程库信息，使用<code>git remote -v</code>；</p>
</li>
<li><p>本地新建的分支如果不推送到远程，对其他人就是不可见的；</p>
</li>
<li><p>从本地推送分支，使用<code>git push origin branch-name</code>，如果推送失败，先用<code>git pull</code>抓取远程的新提交；</p>
</li>
<li><p>在本地创建和远程分支对应的分支，使用<code>git checkout -b branch-name origin/branch-name</code>，本地和远程分支的名称最好一致；</p>
</li>
<li><p>建立本地分支和远程分支的关联，使用<code>git branch --set-upstream branch-name origin/branch-name</code>；</p>
</li>
<li><p>从远程抓取分支，使用<code>git pull</code>，如果有冲突，要先处理冲突。</p>
</li>
</ul>
</div>

</div>